---
source: crates/reze_compiler/tests/programs.rs
assertion_line: 254
expression: render(&dir)
---
closed: []
features: {"suspense": false}

// ==== /Counter.tsx [client] ====
import { signal } from "reze-js";
import { template as _$template, insert as _$insert, delegateEvents as _$delegateEvents } from "reze-js";
const _tmpl$ = /*#__PURE__*/ _$template("<button>: </button>");

export function Counter(props) {
  const [count, setCount] = signal(props.start);
  return (
    (() => {
  var _el$ = _tmpl$(),
    _el$2 = _el$.firstChild;
  _el$.$$click = () => setCount(count() + 1);
  _$insert(_el$, () => props.label, _el$2);
  _$insert(_el$, count, null);
  return _el$;
})()
  );
}

_$delegateEvents(["click"]);

// info
[CLIENT_COMPONENT] `Counter` runs on the client: `[count, setCount] = signal(props.start)` destructures a value.
  at /Counter.tsx:3:17
  2 | 
> 3 | export function Counter(props) {
    |                 ^^^^^^^
  4 |   const [count, setCount] = signal(props.start);
  note: first client-only part (/Counter.tsx:4:9)
// ==== /Counter.tsx [server] ====
import { signal } from "reze-js";
import { ssr as _$ssr, ssrHydrationKey as _$ssrHydrationKey, ssrChild as _$ssrChild } from "reze-js";
const _tmpl$ = ["<button", "><!--[-->", "<!--]-->: <!--[-->", "<!--]--></button>"];

export function Counter(props) {
  const [count, setCount] = signal(props.start);
  return (
    _$ssr(_tmpl$, _$ssrHydrationKey(), _$ssrChild(props.label), _$ssrChild(count()))
  );
}

// ==== /Counter.tsx [hydrate] ====
import { signal } from "reze-js";
import { template as _$template, claim as _$claim, claimChild as _$claimChild, claimInsert as _$claimInsert, delegateEvents as _$delegateEvents } from "reze-js";
const _tmpl$ = /*#__PURE__*/ _$template("<button>: </button>");

export function Counter(props) {
  const [count, setCount] = signal(props.start);
  return (
    (() => {
  var _el$ = _$claim(_tmpl$, "button"),
    _el$2 = _$claimChild(_el$, 0);
  _el$.$$click = () => setCount(count() + 1);
  _$claimInsert(_el$, () => props.label, _el$2);
  _$claimInsert(_el$, count, null);
  return _el$;
})()
  );
}

_$delegateEvents(["click"]);

// ==== /Hidden.tsx [client] ====
import { signal } from "reze-js";
import { template as _$template, addEventListener as _$addEventListener, bind as _$bind, setAttribute as _$setAttribute, insert as _$insert, createComponent as _$createComponent } from "reze-js";
const _tmpl$ = /*#__PURE__*/ _$template("<details></details>"),
  _tmpl$2 = /*#__PURE__*/ _$template("<aside></aside>");

function Hidden() {
  const [open, setOpen] = signal(false);
  return (() => {
  var _el$ = _tmpl$();
  _$addEventListener(_el$, "toggle", () => setOpen(!open()));
  _$bind(() => _$setAttribute(_el$, "open", open()));
  return _el$;
})();
}

export const Panel = () => (
  (() => {
  var _el$2 = _tmpl$2();
  _$insert(_el$2, _$createComponent(Hidden, {}));
  return _el$2;
})()
);

// info
[CLIENT_COMPONENT] `Hidden` runs on the client: `[open, setOpen] = signal(false)` destructures a value.
  at /Hidden.tsx:3:10
  2 | 
> 3 | function Hidden() {
    |          ^^^^^^
  4 |   const [open, setOpen] = signal(false);
  note: first client-only part (/Hidden.tsx:4:9)
// info
[CLIENT_COMPONENT] `Panel` runs on the client: `<Hidden>` is a client component in a position that cannot be an island: the component is not exported from its module.
  at /Hidden.tsx:8:14
  7 | 
> 8 | export const Panel = () => (
    |              ^^^^^
  9 |   <aside>
  note: first client-only part (/Hidden.tsx:10:6)
  related: `[open, setOpen] = signal(false)` destructures a value (/Hidden.tsx:63)
// ==== /Hidden.tsx [server] ====
import { signal } from "reze-js";
import { ssr as _$ssr, ssrHydrationKey as _$ssrHydrationKey, ssrAttribute as _$ssrAttribute, ssrChild as _$ssrChild, createComponent as _$createComponent } from "reze-js";
const _tmpl$ = ["<details", "", "></details>"],
  _tmpl$2 = ["<aside", ">", "</aside>"];

function Hidden() {
  const [open, setOpen] = signal(false);
  return _$ssr(_tmpl$, _$ssrHydrationKey(), _$ssrAttribute("open", open()));
}

export const Panel = () => (
  _$ssr(_tmpl$2, _$ssrHydrationKey(), _$ssrChild(_$createComponent(Hidden, {})))
);

// ==== /Hidden.tsx [hydrate] ====
import { signal } from "reze-js";
import { template as _$template, claim as _$claim, addEventListener as _$addEventListener, bind as _$bind, setAttribute as _$setAttribute, claimInsert as _$claimInsert, createComponent as _$createComponent } from "reze-js";
const _tmpl$ = /*#__PURE__*/ _$template("<details></details>"),
  _tmpl$2 = /*#__PURE__*/ _$template("<aside></aside>");

function Hidden() {
  const [open, setOpen] = signal(false);
  return (() => {
  var _el$ = _$claim(_tmpl$, "details");
  _$addEventListener(_el$, "toggle", () => setOpen(!open()));
  _$bind(() => _$setAttribute(_el$, "open", open()));
  return _el$;
})();
}

export const Panel = () => (
  (() => {
  var _el$2 = _$claim(_tmpl$2, "aside");
  _$claimInsert(_el$2, _$createComponent(Hidden, {}));
  return _el$2;
})()
);

// ==== /Page.tsx [client] ====
import { Counter } from "./Counter";
import { template as _$template, insert as _$insert, createComponent as _$createComponent } from "reze-js";
const _tmpl$ = /*#__PURE__*/ _$template("<main><h1></h1></main>"),
  _tmpl$2 = /*#__PURE__*/ _$template("<div class=\"layout\"></div>"),
  _tmpl$3 = /*#__PURE__*/ _$template("<main></main>"),
  _tmpl$4 = /*#__PURE__*/ _$template("<b>x</b>");

const START = 5;

export function Page(props) {
  return (
    (() => {
  var _el$ = _tmpl$(),
    _el$2 = _el$.firstChild;
  _$insert(_el$2, () => props.title);
  _$insert(_el$, _$createComponent(Counter, { start: 1, label: "first" }), null);
  _$insert(_el$, _$createComponent(Counter, { start: START, get label() { return props.title; } }), null);
  return _el$;
})()
  );
}

export function Layout(props) {
  return (
    (() => {
  var _el$3 = _tmpl$2();
  _$insert(_el$3, _$createComponent(Page, { get title() { return props.title; } }));
  return _el$3;
})()
  );
}

export function Broken() {
  return (
    (() => {
  var _el$4 = _tmpl$3();
  _$insert(_el$4, _$createComponent(Counter, { start: () => 1 }));
  return _el$4;
})()
  );
}

export const WithChildren = () => (
  (() => {
  var _el$5 = _tmpl$3();
  _$insert(_el$5, _$createComponent(Counter, { start: 1, children: "more" }));
  return _el$5;
})()
);
export const WithSpread = (props) => (
  (() => {
  var _el$6 = _tmpl$3();
  _$insert(_el$6, _$createComponent(Counter, props));
  return _el$6;
})()
);
export const WithRef = () => (
  (() => {
  var _el$7 = _tmpl$3();
  _$insert(_el$7, _$createComponent(Counter, { start: 1, ref(r$) { typeof undefined === "function" ? undefined(r$) : undefined = r$; } }));
  return _el$7;
})()
);
export const WithJsxProp = () => (
  (() => {
  var _el$8 = _tmpl$3();
  _$insert(_el$8, _$createComponent(Counter, { start: 1, get label() { return _tmpl$4(); } }));
  return _el$8;
})()
);

// info
[STATIC_COMPONENT] `Page` is static: it renders HTML and nothing else, so under an islands root it runs on the server only.
  at /Page.tsx:5:17
  4 | 
> 5 | export function Page(props) {
    |                 ^^^^
  6 |   return (
// info
[ISLAND] An island boundary: the server serializes the props and the browser hydrates only this component, with the runtime features claim,claimChild,claimInsert,delegateEvents,signal,template.
  in <Page> › main
  at /Page.tsx:9:8
   8 |       <h1>{props.title}</h1>
>  9 |       <Counter start={1} label="first" />
     |        ^^^^^^^
  10 |       <Counter start={START} label={props.title} />
// info
[ISLAND] An island boundary: the server serializes the props and the browser hydrates only this component, with the runtime features claim,claimChild,claimInsert,delegateEvents,signal,template.
  in <Page> › main
  at /Page.tsx:10:8
   9 |       <Counter start={1} label="first" />
> 10 |       <Counter start={START} label={props.title} />
     |        ^^^^^^^
  11 |     </main>
// info
[STATIC_COMPONENT] `Layout` is static: it renders HTML and nothing else, so under an islands root it runs on the server only.
  at /Page.tsx:15:17
  14 | 
> 15 | export function Layout(props) {
     |                 ^^^^^^
  16 |   return (
// info
[CLIENT_COMPONENT] `Broken` runs on the client: `() => 1` is not an inert expression.
  at /Page.tsx:23:17
  22 | 
> 23 | export function Broken() {
     |                 ^^^^^^
  24 |   return (
  note: first client-only part (/Page.tsx:26:23)
// info
[STATIC_COMPONENT] `WithChildren` is static: it renders HTML and nothing else, so under an islands root it runs on the server only.
  at /Page.tsx:31:14
  30 | 
> 31 | export const WithChildren = () => (
     |              ^^^^^^^^^^^^
  32 |   <main>
// info
[ISLAND] An island boundary: the server serializes the props and the browser hydrates only this component, with the runtime features claim,claimChild,claimInsert,delegateEvents,signal,template.
  in <WithChildren> › main
  at /Page.tsx:33:6
  32 |   <main>
> 33 |     <Counter start={1}>more</Counter>
     |      ^^^^^^^
  34 |   </main>
// info
[CLIENT_COMPONENT] `WithSpread` runs on the client: `{...props}` spreads props.
  at /Page.tsx:36:14
  35 | );
> 36 | export const WithSpread = (props) => (
     |              ^^^^^^^^^^
  37 |   <main>
  note: first client-only part (/Page.tsx:38:14)
// info
[CLIENT_COMPONENT] `WithRef` runs on the client: `<Counter>` is a client component in a position that cannot be an island: `ref={undefined}` cannot cross an island boundary.
  at /Page.tsx:41:14
  40 | );
> 41 | export const WithRef = () => (
     |              ^^^^^^^
  42 |   <main>
  note: first client-only part (/Page.tsx:43:6)
  related: `[count, setCount] = signal(props.start)` destructures a value (/Counter.tsx:76)
// info
[STATIC_COMPONENT] `WithJsxProp` is static: it renders HTML and nothing else, so under an islands root it runs on the server only.
  at /Page.tsx:46:14
  45 | );
> 46 | export const WithJsxProp = () => (
     |              ^^^^^^^^^^^
  47 |   <main>
// info
[ISLAND] An island boundary: the server serializes the props and the browser hydrates only this component, with the runtime features claim,claimChild,claimInsert,delegateEvents,signal,template.
  in <WithJsxProp> › main
  at /Page.tsx:48:6
  47 |   <main>
> 48 |     <Counter start={1} label={<b>x</b>} />
     |      ^^^^^^^
  49 |   </main>
// ==== /Page.tsx [server] ====
import { Counter } from "./Counter";
import { ssr as _$ssr, ssrHydrationKey as _$ssrHydrationKey, ssrChild as _$ssrChild, ssrIsland as _$ssrIsland, createComponent as _$createComponent } from "reze-js";
const _tmpl$ = ["<main", "><h1>", "</h1><!--[-->", "<!--]--><!--[-->", "<!--]--></main>"],
  _tmpl$2 = ["<div class=\"layout\"", ">", "</div>"],
  _tmpl$3 = ["<main", ">", "</main>"],
  _tmpl$4 = ["<b", ">x</b>"];

const START = 5;

export function Page(props) {
  return (
    _$ssr(_tmpl$, _$ssrHydrationKey(), _$ssrChild(props.title), _$ssrChild(_$ssrIsland("qggwslvd5as5", Counter, { start: 1, label: "first" })), _$ssrChild(_$ssrIsland("qggwslvd5as5", Counter, { start: START, get label() { return props.title; } })))
  );
}

export function Layout(props) {
  return (
    _$ssr(_tmpl$2, _$ssrHydrationKey(), _$ssrChild(_$createComponent(Page, { get title() { return props.title; } })))
  );
}

export function Broken() {
  return (
    _$ssr(_tmpl$3, _$ssrHydrationKey(), _$ssrChild(_$createComponent(Counter, { start: () => 1 })))
  );
}

export const WithChildren = () => (
  _$ssr(_tmpl$3, _$ssrHydrationKey(), _$ssrChild(_$ssrIsland("qggwslvd5as5", Counter, { start: 1 }, { get children() { return "more"; } })))
);
export const WithSpread = (props) => (
  _$ssr(_tmpl$3, _$ssrHydrationKey(), _$ssrChild(_$createComponent(Counter, props)))
);
export const WithRef = () => (
  _$ssr(_tmpl$3, _$ssrHydrationKey(), _$ssrChild(_$createComponent(Counter, { start: 1, ref(r$) { typeof undefined === "function" ? undefined(r$) : undefined = r$; } })))
);
export const WithJsxProp = () => (
  _$ssr(_tmpl$3, _$ssrHydrationKey(), _$ssrChild(_$ssrIsland("qggwslvd5as5", Counter, { start: 1 }, { get label() { return _$ssr(_tmpl$4, _$ssrHydrationKey()); } })))
);

// ==== /Page.tsx [hydrate] ====
import { Counter } from "./Counter";
import { template as _$template, claim as _$claim, claimChild as _$claimChild, claimInsert as _$claimInsert, createComponent as _$createComponent } from "reze-js";
const _tmpl$ = /*#__PURE__*/ _$template("<main><h1></h1></main>"),
  _tmpl$2 = /*#__PURE__*/ _$template("<div class=\"layout\"></div>"),
  _tmpl$3 = /*#__PURE__*/ _$template("<main></main>"),
  _tmpl$4 = /*#__PURE__*/ _$template("<b>x</b>");

const START = 5;

export function Page(props) {
  return (
    (() => {
  var _el$ = _$claim(_tmpl$, "main"),
    _el$2 = _$claimChild(_el$, 0);
  _$claimInsert(_el$2, () => props.title);
  _$claimInsert(_el$, _$createComponent(Counter, { start: 1, label: "first" }), null, 1);
  _$claimInsert(_el$, _$createComponent(Counter, { start: START, get label() { return props.title; } }), null);
  return _el$;
})()
  );
}

export function Layout(props) {
  return (
    (() => {
  var _el$3 = _$claim(_tmpl$2, "div");
  _$claimInsert(_el$3, _$createComponent(Page, { get title() { return props.title; } }));
  return _el$3;
})()
  );
}

export function Broken() {
  return (
    (() => {
  var _el$4 = _$claim(_tmpl$3, "main");
  _$claimInsert(_el$4, _$createComponent(Counter, { start: () => 1 }));
  return _el$4;
})()
  );
}

export const WithChildren = () => (
  (() => {
  var _el$5 = _$claim(_tmpl$3, "main");
  _$claimInsert(_el$5, _$createComponent(Counter, { start: 1, children: "more" }));
  return _el$5;
})()
);
export const WithSpread = (props) => (
  (() => {
  var _el$6 = _$claim(_tmpl$3, "main");
  _$claimInsert(_el$6, _$createComponent(Counter, props));
  return _el$6;
})()
);
export const WithRef = () => (
  (() => {
  var _el$7 = _$claim(_tmpl$3, "main");
  _$claimInsert(_el$7, _$createComponent(Counter, { start: 1, ref(r$) { typeof undefined === "function" ? undefined(r$) : undefined = r$; } }));
  return _el$7;
})()
);
export const WithJsxProp = () => (
  (() => {
  var _el$8 = _$claim(_tmpl$3, "main");
  _$claimInsert(_el$8, _$createComponent(Counter, { start: 1, get label() { return _$claim(_tmpl$4, "b"); } }));
  return _el$8;
})()
);

// ==== /client.tsx [client] ====
import { hydrate } from "reze-js";

import { Layout } from "./Page";
import { createComponent as _$createComponent } from "reze-js";

hydrate(() => _$createComponent(Layout, { title: "Docs" }), document.getElementById("app"));

// ==== /client.tsx [server] ====
import { hydrate } from "reze-js";

import { Layout } from "./Page";
import { createComponent as _$createComponent } from "reze-js";

hydrate(() => _$createComponent(Layout, { title: "Docs" }), document.getElementById("app"));

// ==== /client.tsx [hydrate] ====
import { hydrate } from "reze-js";

import { Layout } from "./Page";
import { hydrateIslands as _$hydrateIslands } from "reze-js";
import { Counter as _$island0 } from "./Counter.tsx";

_$hydrateIslands(document.getElementById("app"), { "qggwslvd5as5": _$island0 });

// ==== /server.tsx [client] ====
import { renderToString } from "reze-js";

import { Panel } from "./Hidden";
import { Layout } from "./Page";
import { createComponent as _$createComponent } from "reze-js";

export const html = renderToString(() => _$createComponent(Layout, { title: "Docs" }));
export const panel = renderToString(() => _$createComponent(Panel, {}));

// ==== /server.tsx [server] ====
import { renderToString } from "reze-js";

import { Panel } from "./Hidden";
import { Layout } from "./Page";
import { createComponent as _$createComponent } from "reze-js";

export const html = renderToString(() => _$createComponent(Layout, { title: "Docs" }), true);
export const panel = renderToString(() => _$createComponent(Panel, {}));

// ==== /server.tsx [hydrate] ====
import { renderToString } from "reze-js";

import { Panel } from "./Hidden";
import { Layout } from "./Page";
import { createComponent as _$createComponent } from "reze-js";

export const html = renderToString(() => _$createComponent(Layout, { title: "Docs" }));
export const panel = renderToString(() => _$createComponent(Panel, {}));
