---
source: crates/reze_compiler/tests/programs.rs
expression: render(&dir)
---
closed: []
features: {"suspense": false}

// ==== /lib.ts [client] ====
<unchanged>

// ==== /lib.ts [server] ====
<unchanged>

// ==== /lib.ts [hydrate] ====
<unchanged>

// ==== /main.tsx [client] ====
import * as R from "reze-js";

import { s, store } from "./lib";
import * as lib from "./lib";
import { signal as _$signal, template as _$template, untrack as _$untrack, bind as _$bind, delegateEvents as _$delegateEvents } from "reze-js";
const _tmpl$ = /*#__PURE__*/ _$template("<h1 title=\"x\">Reze 2 </h1>");

const title = "Reze";
const count = 2;
const label = "x";
const [todo$done, setTodo$done] = _$signal(false);

export const App = () => (
  (() => {
  var _el$ = _tmpl$(),
    _el$2 = _el$.firstChild;
  _el$.$$click = () =>
      void _$untrack(() => {
        setTodo$done(() => !todo$done());
      });
  _$bind(() => _el$2.data = "Reze 2 " + (todo$done() ? "yes" : "no"));
  return _el$;
})()
);

_$delegateEvents(["click"]);

// info
[SIGNAL_FOLDED] `title` is never written: its setter is unused and every read is a call, so it compiled to a plain constant.
  at /main.tsx:6:7
  5 | 
> 6 | const [title] = s("Reze");
    |       ^^^^^^^^^^^^^^^^^^^
  7 | const [count] = lib.s(2);
// info
[SIGNAL_FOLDED] `count` is never written: its setter is unused and every read is a call, so it compiled to a plain constant.
  at /main.tsx:7:7
  6 | const [title] = s("Reze");
> 7 | const [count] = lib.s(2);
    |       ^^^^^^^^^^^^^^^^^^
  8 | const [label] = R.signal("x");
// info
[SIGNAL_FOLDED] `label` is never written: its setter is unused and every read is a call, so it compiled to a plain constant.
  at /main.tsx:8:7
  7 | const [count] = lib.s(2);
> 8 | const [label] = R.signal("x");
    |       ^^^^^^^^^^^^^^^^^^^^^^^
  9 | const [todo, setTodo] = store({ done: false });
// info
[STORE_UNPROXIED] Every use of `todo` reads one of its fields and every write goes through a `setTodo` draft, so the store compiled to one signal per field.
  at /main.tsx:9:7
   8 | const [label] = R.signal("x");
>  9 | const [todo, setTodo] = store({ done: false });
     |       ^^^^^^^^^^^^^^^^^^^^^^^^^^^^^^^^^^^^^^^^
  10 | 
// info
[CLIENT_COMPONENT] `App` runs on the client: `onClick` attaches an event handler.
  at /main.tsx:11:14
  10 | 
> 11 | export const App = () => (
     |              ^^^
  12 |   <h1
  note: first client-only part (/main.tsx:14:5)
// ==== /main.tsx [server] ====
import * as R from "reze-js";

import { s, store } from "./lib";
import * as lib from "./lib";
import { signal as _$signal, ssr as _$ssr, ssrHydrationKey as _$ssrHydrationKey, ssrChild as _$ssrChild } from "reze-js";
const _tmpl$ = ["<h1 title=\"x\"", ">Reze 2 ", "</h1>"];

const title = "Reze";
const count = 2;
const label = "x";
const [todo$done, setTodo$done] = _$signal(false);

export const App = () => (
  _$ssr(_tmpl$, _$ssrHydrationKey(), _$ssrChild(todo$done() ? "yes" : "no"))
);

// ==== /main.tsx [hydrate] ====
import * as R from "reze-js";

import { s, store } from "./lib";
import * as lib from "./lib";
import { signal as _$signal, template as _$template, claim as _$claim, claimChild as _$claimChild, untrack as _$untrack, bind as _$bind, delegateEvents as _$delegateEvents } from "reze-js";
const _tmpl$ = /*#__PURE__*/ _$template("<h1 title=\"x\">Reze 2 </h1>");

const title = "Reze";
const count = 2;
const label = "x";
const [todo$done, setTodo$done] = _$signal(false);

export const App = () => (
  (() => {
  var _el$ = _$claim(_tmpl$, "h1"),
    _el$2 = _$claimChild(_el$, 0);
  _el$.$$click = () =>
      void _$untrack(() => {
        setTodo$done(() => !todo$done());
      });
  _$bind(() => _el$2.data = "Reze 2 " + (todo$done() ? "yes" : "no"));
  return _el$;
})()
);

_$delegateEvents(["click"]);

// ==== /more.ts [client] ====
<unchanged>

// ==== /more.ts [server] ====
<unchanged>

// ==== /more.ts [hydrate] ====
<unchanged>
