---
source: crates/reze_compiler/tests/snapshots.rs
expression: "const a = <i class=\"a\" className=\"b\" classList={{ on: on() }} />;"
---
import { ssr as _$ssr, ssrHydrationKey as _$ssrHydrationKey, ssrClass as _$ssrClass } from "reze-js";
const _tmpl$ = ["<i", "", "></i>"];
const a = _$ssr(_tmpl$, _$ssrHydrationKey(), _$ssrClass(["a", "b", { on: on() }]));
// warn
[CLASS_ALIAS] `className` is a legacy alias: Reze has one `class` attribute that takes strings, objects and arrays. Rename it to `class`; it was compiled as `class`.
  in i
  at case.tsx:1:24
> 1 | const a = <i class="a" className="b" classList={{ on: on() }} />;
    |                        ^^^^^^^^^
  fix: rename `className` to `class`
// warn
[CLASS_ALIAS] `classList` is a legacy alias: Reze has one `class` attribute that takes strings, objects and arrays. Rename it to `class`; it was compiled as `class`.
  in i
  at case.tsx:1:38
> 1 | const a = <i class="a" className="b" classList={{ on: on() }} />;
    |                                      ^^^^^^^^^
  fix: rename `classList` to `class`
