---
source: crates/reze_compiler/tests/snapshots.rs
expression: "export async function Card(props) {\n  let user = await fetchUser(props.id);\n  user = normalize(user);\n  return <p>{user.name}</p>;\n}"
---
import { template as _$template, insert as _$insert } from "reze-js";
export async function Card(props) {
  let user = await fetchUser(props.id);
  user = normalize(user);
  {
  var _el$ = _$template("<p>");
  _$insert(_el$, () => user.name);
  return _el$;
}
}
// warn
[ASYNC_COMPONENT_SHAPE] `Card` is an async component the compiler cannot rewrite (value-reassigned), so it stays an `async` function that returns a Promise and renders nothing. Reshape the awaits or move the work into an `asyncComputed`.
  in <Card>
  at case.tsx:3:3
  2 |   let user = await fetchUser(props.id);
> 3 |   user = normalize(user);
    |   ^^^^
  4 |   return <p>{user.name}</p>;
