---
source: crates/reze_compiler/tests/snapshots.rs
expression: "export async function Ping(props) {\n  await props.api.ping();\n  return <p>ok</p>;\n}"
---
import { asyncComponent as _$asyncComponent, template as _$template } from "reze-js";
export function Ping(props) {
  return _$asyncComponent(async () => {await props.api.ping();
return [];
}, () => {
  return _$template("<p>ok");
});}
