---
source: crates/reze_compiler/tests/snapshots.rs
expression: "export const Card = async ({ id }: { id: number }) => {\n  const user = await fetchUser(id);\n  const name = user.name.trim();\n  const { Panel } = await import(\"./panel\");\n  const posts = await { then: (done) => done(load(user.id)) };\n  return <Panel title={name}>{user.role}{posts.length}</Panel>;\n};"
---
import { asyncComponent as _$asyncComponent, createComponent as _$createComponent } from "reze-js";
export const Card = (_props$: { id: number }) => {
  return _$asyncComponent(async (_c$) => {const user = await fetchUser(_props$.id);
  const name = _c$.get(() => user.name.trim());
  const { Panel } = await _c$.get(() => import("./panel"));
  const posts = await _c$.get(() => ({ then: (done) => done(load(user.id)) }));
return [user, name, Panel, posts];
}, ([user, name, Panel, posts]) => {
  return _$createComponent(Panel, { title: name, get children() { return [() => user.role, () => posts.length]; } });
});};
// info
[PROPS_REWRITTEN] `Card` destructures its props, so the pattern became one props object and each destructured name a lazy read of it.
  in <Card>
  at case.tsx:1:28
> 1 | export const Card = async ({ id }: { id: number }) => {
    |                            ^^^^^^
  2 |   const user = await fetchUser(id);
