---
source: crates/reze_compiler/tests/snapshots.rs
expression: "const a = <i class={[\"a\", \"b\", { on: on() }]} />;"
---
import { template as _$template, bind as _$bind, toggleClass as _$toggleClass } from "reze-js";
const _tmpl$ = /*#__PURE__*/ _$template("<i class=\"a b\"></i>");
const a = (() => {
  var _el$ = _tmpl$();
  _$bind(_p$ => _$toggleClass(_el$, "on", !!(on()), _p$));
  return _el$;
})();
