---
source: crates/reze_compiler/tests/snapshots.rs
expression: "import { signal } from \"reze-js\";\nexport async function Card(props) {\n  const [n] = signal(1);\n  const [m] = signal(2);\n  const user = await fetchUser(props.id);\n  return <p title={n()}>{user.name}{m()}{props.id}</p>;\n}\nconst [top] = signal(3);\nexport async function Other() {\n  const user = await fetchUser(top());\n  return <p>{user.name}{top()}</p>;\n}"
---
import { signal } from "reze-js";
import { asyncComponent as _$asyncComponent, template as _$template, append as _$append, renderEffect as _$renderEffect, setAttribute as _$setAttribute, insert as _$insert } from "reze-js";
export function Card(props) {
  return _$asyncComponent(async () => {const [n] = signal(1);
  const [m] = signal(2);
  const user = await fetchUser(props.id);
return [n, m, user];
}, (_v$) => {
  {
  var _el$ = _$template("<p>");
  _$append(_el$, () => _v$()[2].name);
  _$append(_el$, () => _v$()[1]());
  _$append(_el$, () => props.id);
  _$renderEffect(() => _$setAttribute(_el$, "title", _v$()[0]()));
  return _el$;
}
});}
const top = 3;
export function Other() {
  return _$asyncComponent(async () => {const user = await fetchUser(top);
return [user];
}, (_v$2) => {
  {
  var _el$2 = _$template("<p>3"),
    _el$3 = _el$2.firstChild;
  _$insert(_el$2, () => _v$2()[0].name, _el$3);
  return _el$2;
}
});}
// info
[SIGNAL_FOLDED] `top` is never written and every read is a call, so it compiled to a plain constant.
  at case.tsx:8:7
  7 | }
> 8 | const [top] = signal(3);
    |       ^^^^^^^^^^^^^^^^^
  9 | export async function Other() {
