---
source: crates/reze_compiler/tests/snapshots.rs
expression: "const a = <p class={{ negative: n() < 0 }} />;\nconst b = <p class={[\"box\", { on: on(), big: false, wide: true }, [\"x\", { deep: d() }]]} />;\nconst c = <p class={[\"btn\", { active: active() }]} />;\nconst d = <p class={{ once: flag }} />;\nconst e = <p class={{ \"a b\": ab() }} />;\nconst f = <p class={[\"on\", { on: on() }]} />;\nconst g = <p class={[{ on: on(), off: false }, { on: other() }]} />;\nconst h = <p class={[\"x\", { x: false, y: y() }]} />;\nconst i = <p class={[cls(), { on: on() }]} />;"
---
import { ssr as _$ssr, ssrHydrationKey as _$ssrHydrationKey, ssrClass as _$ssrClass, ssrClassTokens as _$ssrClassTokens } from "reze-js";
const _tmpl$ = ["<p", "", "></p>"],
  _tmpl$2 = ["<p class=\"box wide x", "\"", "></p>"],
  _tmpl$3 = ["<p class=\"btn", "\"", "></p>"];
const a = _$ssr(_tmpl$, _$ssrHydrationKey(), _$ssrClass({ "negative": n() < 0 }));
const b = _$ssr(_tmpl$2, _$ssrClassTokens({ "on": on(), "deep": d() }), _$ssrHydrationKey());
const c = _$ssr(_tmpl$3, _$ssrClassTokens({ "active": active() }), _$ssrHydrationKey());
const d = _$ssr(_tmpl$, _$ssrHydrationKey(), _$ssrClass({ "once": flag }));
const e = _$ssr(_tmpl$, _$ssrHydrationKey(), _$ssrClass({ "a b": ab() }));
const f = _$ssr(_tmpl$, _$ssrHydrationKey(), _$ssrClass(["on", { on: on() }]));
const g = _$ssr(_tmpl$, _$ssrHydrationKey(), _$ssrClass([{ on: on(), off: false }, { on: other() }]));
const h = _$ssr(_tmpl$, _$ssrHydrationKey(), _$ssrClass(["x", { x: false, y: y() }]));
const i = _$ssr(_tmpl$, _$ssrHydrationKey(), _$ssrClass([cls(), { on: on() }]));
