---
source: crates/reze_compiler/tests/snapshots.rs
expression: "import { Repeat, signal } from \"reze-js\";\nconst [size] = signal(4);\nconst [page, setPage] = signal(1);\nsetPage(2);\nconst a = <div><Repeat count={3}>{() => <i />}</Repeat></div>;\nconst b = <Repeat count={size()} fallback={<p>none</p>}>{(index) => <Card n={index} onPick={() => pick(index)} />}</Repeat>;\nconst c = <Repeat count={page()} fallback={<p>none</p>}>{(index) => <li>{index}</li>}</Repeat>;\nconst d = <Repeat count={rows()}>{() => <i />}</Repeat>;\nconst e = <Repeat count={0}>{() => <i />}</Repeat>;\nconst f = <Repeat count={2.5}>{() => <i />}</Repeat>;"
---
import { Repeat, signal } from "reze-js";
import { template as _$template, insert as _$insert, createComponent as _$createComponent, repeat as _$repeat } from "reze-js";
const size = 4;
const [page, setPage] = signal(1);
setPage(2);
const a = (() => {
  var _el$ = _$template("<div>");
  _$insert(_el$, Array.from(Array(3).keys(), () => _$template("<i>")));
  return _el$;
})();
const b = Array.from(Array(4).keys(), (index) => _$createComponent(Card, { n: index, onPick: () => pick(index) }));
const c = _$repeat(page, (index) => {
  var _el$2 = _$template("<li>");
  _$insert(_el$2, index);
  return _el$2;
}, () => _$template("<p>none"));
const d = _$repeat(() => rows(), () => _$template("<i>"));
const e = _$repeat(() => 0, () => _$template("<i>"));
const f = _$repeat(() => 2.5, () => _$template("<i>"));
// info
[SIGNAL_FOLDED] `size` is never written and every read is a call, so it compiled to a plain constant.
  at case.tsx:2:7
  1 | import { Repeat, signal } from "reze-js";
> 2 | const [size] = signal(4);
    |       ^^^^^^^^^^^^^^^^^^
  3 | const [page, setPage] = signal(1);
