---
source: crates/reze_compiler/tests/snapshots.rs
expression: "const a = <p class={{ negative: n() < 0 }} />;\nconst b = <p class={[\"box\", { on: on(), big: false, wide: true }, [\"x\", { deep: d() }]]} />;\nconst c = <p class=\"btn\" classList={{ active: active() }} />;\nconst d = <p class={{ once: flag }} />;\nconst e = <p class={{ \"a b\": ab() }} />;\nconst f = <p class={[\"on\", { on: on() }]} />;\nconst g = <p class={{ on: on(), off: false }} classList={{ on: other() }} />;\nconst h = <p class={[\"x\", { x: false, y: y() }]} />;\nconst i = <p class={[cls(), { on: on() }]} />;"
---
import { template as _$template, claim as _$claim, bind as _$bind, toggleClass as _$toggleClass, className as _$className } from "reze-js";
const _tmpl$ = /*#__PURE__*/ _$template("<p></p>"),
  _tmpl$2 = /*#__PURE__*/ _$template("<p class=\"box wide x\"></p>"),
  _tmpl$3 = /*#__PURE__*/ _$template("<p class=\"btn\"></p>");
const a = (() => {
  var _el$ = _$claim(_tmpl$, "p");
  _$bind(_p$ => _$toggleClass(_el$, "negative", !!(n() < 0), _p$));
  return _el$;
})();
const b = (() => {
  var _el$2 = _$claim(_tmpl$2, "p");
  _$bind(_p$2 => {
    var _v$ = !!(on()),
      _v$2 = !!(d());
    _v$ !== _p$2[0] && (_p$2[0] = _$toggleClass(_el$2, "on", _v$, _p$2[0]));
    _v$2 !== _p$2[1] && (_p$2[1] = _$toggleClass(_el$2, "deep", _v$2, _p$2[1]));
    return _p$2;
  }, []);
  return _el$2;
})();
const c = (() => {
  var _el$3 = _$claim(_tmpl$3, "p");
  _$bind(_p$3 => _$toggleClass(_el$3, "active", !!(active()), _p$3));
  return _el$3;
})();
const d = (() => {
  var _el$4 = _$claim(_tmpl$, "p");
  _$toggleClass(_el$4, "once", !!(flag));
  return _el$4;
})();
const e = (() => {
  var _el$5 = _$claim(_tmpl$, "p");
  _$bind(() => _$className(_el$5, { "a b": ab() }));
  return _el$5;
})();
const f = (() => {
  var _el$6 = _$claim(_tmpl$, "p");
  _$bind(() => _$className(_el$6, ["on", { on: on() }]));
  return _el$6;
})();
const g = (() => {
  var _el$7 = _$claim(_tmpl$, "p");
  _$bind(() => _$className(_el$7, [{ on: on(), off: false }, { on: other() }]));
  return _el$7;
})();
const h = (() => {
  var _el$8 = _$claim(_tmpl$, "p");
  _$bind(() => _$className(_el$8, ["x", { x: false, y: y() }]));
  return _el$8;
})();
const i = (() => {
  var _el$9 = _$claim(_tmpl$, "p");
  _$bind(() => _$className(_el$9, [cls(), { on: on() }]));
  return _el$9;
})();
// warn
[CLASS_ALIAS] `classList` is a legacy alias: Reze has one `class` attribute that takes strings, objects and arrays. Rename it to `class`; it was compiled as `class`.
  in p
  at case.tsx:3:26
  2 | const b = <p class={["box", { on: on(), big: false, wide: true }, ["x", { deep: d() }]]} />;
> 3 | const c = <p class="btn" classList={{ active: active() }} />;
    |                          ^^^^^^^^^
  4 | const d = <p class={{ once: flag }} />;
  fix: rename `classList` to `class`
// warn
[CLASS_ALIAS] `classList` is a legacy alias: Reze has one `class` attribute that takes strings, objects and arrays. Rename it to `class`; it was compiled as `class`.
  in p
  at case.tsx:7:47
  6 | const f = <p class={["on", { on: on() }]} />;
> 7 | const g = <p class={{ on: on(), off: false }} classList={{ on: other() }} />;
    |                                               ^^^^^^^^^
  8 | const h = <p class={["x", { x: false, y: y() }]} />;
  fix: rename `classList` to `class`
