---
source: crates/reze_compiler/tests/snapshots.rs
expression: "const a = <div children={kids()} />;\nconst b = <div children={x()}><b /></div>;"
---
import { template as _$template, insert as _$insert } from "reze-js";
const a = (() => {
  var _el$ = _$template("<div>");
  _$insert(_el$, kids);
  return _el$;
})();
const b = _$template("<div><b>");
// warn
[CHILDREN_PROP_IGNORED] `children` is set both as an attribute and as nested children, and nested children win, so the attribute is never rendered. Remove the attribute.
  in div
  at case.tsx:2:16
  1 | const a = <div children={kids()} />;
> 2 | const b = <div children={x()}><b /></div>;
    |                ^^^^^^^^^^^^^^
  fix: remove the `children` attribute
