---
source: crates/reze_compiler/tests/snapshots.rs
expression: "const a = <i class={[\"a\", \"b\", { on: on() }]} />;"
---
import { ssr as _$ssr, ssrClassTokens as _$ssrClassTokens, ssrHydrationKey as _$ssrHydrationKey } from "reze-js";
const _tmpl$ = ["<i class=\"a b", "\"", "></i>"];
const a = _$ssr(_tmpl$, _$ssrClassTokens({ "on": on() }), _$ssrHydrationKey());
