---
source: crates/reze_compiler/tests/snapshots.rs
expression: "import { Match, Switch } from \"reze-js\";\nconst a = <div><Switch fallback={<i/>}><Match when={a()}><b/></Match><Match when={b()}>{(v) => <u>{v()}</u>}</Match></Switch></div>;"
---
import { Match, Switch } from "reze-js";
import { template as _$template, insert as _$insert, choose as _$choose } from "reze-js";
const a = (() => {
  var _el$ = _$template("<div>");
  _$insert(_el$, _$choose([() => a(), () => b()], [() => _$template("<b>"), (v) => {
  var _el$2 = _$template("<u>");
  _$insert(_el$2, v);
  return _el$2;
}], () => _$template("<i>")));
  return _el$;
})();
