---
source: crates/reze_compiler/tests/snapshots.rs
expression: "const a = <div>{ok() ? <b>yes</b> : <i>no</i>}{open() && <p>{text()}</p>}</div>;\nconst b = <Card>{a() ? <b /> : null}{x()}</Card>;\nconst c = <p>{ok() ? \"yes\" : \"no\"}</p>;"
---
import { template as _$template, append as _$append, branch as _$branch, insert as _$insert, createComponent as _$createComponent, child as _$child, renderEffect as _$renderEffect } from "reze-js";
const a = (() => {
  var _el$ = _$template("<div>");
  _$append(_el$, _$branch(() => ok(), () => _$template("<b>yes"), () => _$template("<i>no")));
  _$append(_el$, _$branch(() => open(), () => {
  var _el$2 = _$template("<p>");
  _$insert(_el$2, text);
  return _el$2;
}));
  return _el$;
})();
const b = _$createComponent(Card, { get children() { return [_$branch(() => a(), () => _$template("<b>"), () => null), x]; } });
const c = (() => {
  var _el$3 = _$template("<p> "),
    _el$4 = _$child(_el$3);
  _$renderEffect(() => _el$4.data = "" + (ok() ? "yes" : "no"));
  return _el$3;
})();
