---
source: crates/reze_compiler/tests/snapshots.rs
expression: "function A({ [key]: a }) { return <p>{a}</p>; }\nfunction B({ a = f() }) { return <p>{a}</p>; }\nfunction C({ a: { b } = {} }) { return <p>{b}</p>; }\nfunction D({ a: { ...b } }) { return <p>{b}</p>; }\nfunction E({ a }) { a = 1; return <p>{a}</p>; }\nfunction F({ a }) { return <p>{arguments.length}{a}</p>; }\nfunction* G({ a }) { yield <p>{a}</p>; }\nconst H = function ({ a }, ref) { return <p ref={ref}>{a}</p>; };\nconst I = ({ a: [b] }) => <p>{b}</p>;"
---
import { template as _$template, insert as _$insert, append as _$append, use as _$use } from "reze-js";
function A({ [key]: a }) { {
  var _el$ = _$template("<p>");
  _$insert(_el$, a);
  return _el$;
} }
function B({ a = f() }) { {
  var _el$2 = _$template("<p>");
  _$insert(_el$2, a);
  return _el$2;
} }
function C({ a: { b } = {} }) { {
  var _el$3 = _$template("<p>");
  _$insert(_el$3, b);
  return _el$3;
} }
function D({ a: { ...b } }) { {
  var _el$4 = _$template("<p>");
  _$insert(_el$4, b);
  return _el$4;
} }
function E({ a }) { a = 1; {
  var _el$5 = _$template("<p>");
  _$insert(_el$5, a);
  return _el$5;
} }
function F({ a }) { {
  var _el$6 = _$template("<p>");
  _$append(_el$6, () => arguments.length);
  _$append(_el$6, a);
  return _el$6;
} }
function* G({ a }) { yield (() => {
  var _el$7 = _$template("<p>");
  _$insert(_el$7, a);
  return _el$7;
})(); }
const H = function ({ a }, ref) { {
  var _el$8 = _$template("<p>");
  typeof ref === "function" ? _$use(ref, _el$8) : ref = _el$8;
  _$insert(_el$8, a);
  return _el$8;
} };
const I = ({ a: [b] }) => {
  var _el$9 = _$template("<p>");
  _$insert(_el$9, b);
  return _el$9;
};
// warn
[PROPS_DESTRUCTURED] `A` destructures its props in a form the compiler cannot rewrite (computed-key), so each value is read once and never updates. Take `props` and read `props.x` where it is used.
  in <A>
  at case.tsx:1:12
> 1 | function A({ [key]: a }) { return <p>{a}</p>; }
    |            ^^^^^^^^^^^^
  2 | function B({ a = f() }) { return <p>{a}</p>; }
// warn
[PROPS_DESTRUCTURED] `B` destructures its props in a form the compiler cannot rewrite (default), so each value is read once and never updates. Take `props` and read `props.x` where it is used.
  in <B>
  at case.tsx:2:12
  1 | function A({ [key]: a }) { return <p>{a}</p>; }
> 2 | function B({ a = f() }) { return <p>{a}</p>; }
    |            ^^^^^^^^^^^
  3 | function C({ a: { b } = {} }) { return <p>{b}</p>; }
// warn
[PROPS_DESTRUCTURED] `C` destructures its props in a form the compiler cannot rewrite (nested-default), so each value is read once and never updates. Take `props` and read `props.x` where it is used.
  in <C>
  at case.tsx:3:12
  2 | function B({ a = f() }) { return <p>{a}</p>; }
> 3 | function C({ a: { b } = {} }) { return <p>{b}</p>; }
    |            ^^^^^^^^^^^^^^^^^
  4 | function D({ a: { ...b } }) { return <p>{b}</p>; }
// warn
[PROPS_DESTRUCTURED] `D` destructures its props in a form the compiler cannot rewrite (nested-rest), so each value is read once and never updates. Take `props` and read `props.x` where it is used.
  in <D>
  at case.tsx:4:12
  3 | function C({ a: { b } = {} }) { return <p>{b}</p>; }
> 4 | function D({ a: { ...b } }) { return <p>{b}</p>; }
    |            ^^^^^^^^^^^^^^^
  5 | function E({ a }) { a = 1; return <p>{a}</p>; }
// warn
[PROPS_DESTRUCTURED] `E` destructures its props in a form the compiler cannot rewrite (written), so each value is read once and never updates. Take `props` and read `props.x` where it is used.
  in <E>
  at case.tsx:5:12
  4 | function D({ a: { ...b } }) { return <p>{b}</p>; }
> 5 | function E({ a }) { a = 1; return <p>{a}</p>; }
    |            ^^^^^
  6 | function F({ a }) { return <p>{arguments.length}{a}</p>; }
// warn
[PROPS_DESTRUCTURED] `F` destructures its props in a form the compiler cannot rewrite (arguments), so each value is read once and never updates. Take `props` and read `props.x` where it is used.
  in <F>
  at case.tsx:6:12
  5 | function E({ a }) { a = 1; return <p>{a}</p>; }
> 6 | function F({ a }) { return <p>{arguments.length}{a}</p>; }
    |            ^^^^^
  7 | function* G({ a }) { yield <p>{a}</p>; }
// warn
[PROPS_DESTRUCTURED] `G` destructures its props in a form the compiler cannot rewrite (generator), so each value is read once and never updates. Take `props` and read `props.x` where it is used.
  in <G>
  at case.tsx:7:13
  6 | function F({ a }) { return <p>{arguments.length}{a}</p>; }
> 7 | function* G({ a }) { yield <p>{a}</p>; }
    |             ^^^^^
  8 | const H = function ({ a }, ref) { return <p ref={ref}>{a}</p>; };
// warn
[PROPS_DESTRUCTURED] `H` destructures its props in a form the compiler cannot rewrite (params), so each value is read once and never updates. Take `props` and read `props.x` where it is used.
  in <H>
  at case.tsx:8:21
  7 | function* G({ a }) { yield <p>{a}</p>; }
> 8 | const H = function ({ a }, ref) { return <p ref={ref}>{a}</p>; };
    |                     ^^^^^
  9 | const I = ({ a: [b] }) => <p>{b}</p>;
// warn
[PROPS_DESTRUCTURED] `I` destructures its props in a form the compiler cannot rewrite (array-pattern), so each value is read once and never updates. Take `props` and read `props.x` where it is used.
  in <I>
  at case.tsx:9:12
  8 | const H = function ({ a }, ref) { return <p ref={ref}>{a}</p>; };
> 9 | const I = ({ a: [b] }) => <p>{b}</p>;
    |            ^^^^^^^^^^
