---
source: crates/reze_compiler/tests/snapshots.rs
expression: "import { overlay } from \"reze-js\";\nexport async function Todos(props: { api: Api }): Promise<JSX.Element> {\n  const initial = await props.api.list();\n  const [todos, layer] = overlay(() => initial);\n  return <ul>{todos().length}</ul>;\n}"
---
import { overlay } from "reze-js";
import { asyncComponent as _$asyncComponent, template as _$template, insert as _$insert } from "reze-js";
export function Todos(props: { api: Api }): JSX.Element {
  return _$asyncComponent(async () => {const initial = await props.api.list();
return [initial];
}, (_v$) => {
  const [todos, layer] = overlay(() => _v$()[0]);
  {
  var _el$ = _$template("<ul>");
  _$insert(_el$, () => todos().length);
  return _el$;
}
});}
