---
source: crates/reze_compiler/tests/snapshots.rs
assertion_line: 183
expression: "async function User(props: { id: number }): Promise<JSX.Element> {\n  const user = await fetchUser(props.id);\n  const posts = await fetchPosts(user.id);\n  return <ul>{posts.map((p) => <li>{p.title}</li>)}</ul>;\n}"
---
import { getOwner as _$getOwner, streamBoundary as _$streamBoundary, ssrAwait as _$ssrAwait, streamOutput as _$streamOutput, signal as _$signal, onCleanup as _$onCleanup, trackPending as _$trackPending, effect as _$effect, trackAsync as _$trackAsync, memo as _$memo, ssr as _$ssr, ssrHydrationKey as _$ssrHydrationKey, ssrChild as _$ssrChild } from "reze-js";
const _tmpl$ = ["<ul", ">", "</ul>"],
  _tmpl$2 = ["<li", ">", "</li>"];
function User(props: { id: number }): JSX.Element {
const _owner$ = _$getOwner();
const _boundary$ = _$streamBoundary();
const [_val$, _setVal$] = _$signal(undefined as any);
const [_settled$, _setSettled$] = _$signal(false);
const [_val$2, _setVal$2] = _$signal(undefined as any);
const [_settled$2, _setSettled$2] = _$signal(false);
const [_err$, _setErr$] = _$signal(undefined as any);
let _epoch$ = 0;
_$onCleanup(() => { _epoch$++; });
_$trackPending(() => !_settled$2() && _err$() === undefined);
_$effect(() => {
_setErr$(undefined);
_setSettled$(false);
const _p$ = Promise.resolve(_$ssrAwait(_boundary$, 0, () => fetchUser(props.id)));
const _my$ = ++_epoch$;
_$trackAsync(_owner$, _p$, () => _my$ === _epoch$, (_v) => { _setVal$(_v); _setSettled$(true); }, _setErr$);
});
_$effect(() => {
if (!_settled$()) return;
const _t$ = _val$();
const user = _t$;
_setErr$(undefined);
_setSettled$2(false);
const _p$ = Promise.resolve(_$ssrAwait(_boundary$, 1, () => fetchPosts(user.id)));
const _my$ = ++_epoch$;
_$trackAsync(_owner$, _p$, () => _my$ === _epoch$, (_v) => { _setVal$2(_v); _setSettled$2(true); }, _setErr$);
});
return _$streamOutput(_boundary$, _$memo(() => {
const _ex$ = _err$();
if (_ex$ !== undefined) throw _ex$;
if (!_settled$() || !_settled$2()) return undefined;
const _t$ = _val$();
const user = _t$;
const _t$2 = _val$2();
const posts = _t$2;
return _$ssr(_tmpl$, _$ssrHydrationKey(), _$ssrChild(posts.map((p) => _$ssr(_tmpl$2, _$ssrHydrationKey(), _$ssrChild(p.title)))));
}));
}
