---
source: crates/reze_compiler/tests/snapshots.rs
expression: "async function load() { const r = await fetch(u); return r.json(); }\nexport function Button() {\n  return <button onClick={async () => { const d = await load(); show(<b>{d}</b>); }}>x</button>;\n}\nexport async function lower() { const d = await load(); return <i>{d}</i>; }"
---
import { template as _$template, insert as _$insert, delegateEvents as _$delegateEvents } from "reze-js";
async function load() { const r = await fetch(u); return r.json(); }
export function Button() {
  {
  var _el$ = _$template("<button>x");
  _el$.$$click = async () => { const d = await load(); show((() => {
  var _el$2 = _$template("<b>");
  _$insert(_el$2, d);
  return _el$2;
})()); };
  return _el$;
}
}
export async function lower() { const d = await load(); {
  var _el$3 = _$template("<i>");
  _$insert(_el$3, d);
  return _el$3;
} }
_$delegateEvents(["click"]);
